[    0.000000] Linux version 4.15.0-156-generic (buildd@lcy01-amd64-008) (gcc version 7.5.0 (Ubuntu 7.5.0-3ubuntu1~18.04)) #163-Ubuntu SMP Thu Aug 19 23:31:58 UTC 2021 (Ubuntu 4.15.0-156.163-generic 4.15.18)
[    0.000000] Command line: BOOT_IMAGE=/boot/vmlinuz-4.15.0-156-generic root=LABEL=cloudimg-rootfs ro console=tty1 console=ttyS0
[    0.000000] KERNEL supported cpus:
[    0.000000]   Intel GenuineIntel
[    0.000000]   AMD AuthenticAMD
[    0.000000]   Centaur CentaurHauls
[    0.000000] x86/fpu: Supporting XSAVE feature 0x001: 'x87 floating point registers'
[    0.000000] x86/fpu: Supporting XSAVE feature 0x002: 'SSE registers'
[    0.000000] x86/fpu: Supporting XSAVE feature 0x004: 'AVX registers'
[    0.000000] x86/fpu: xstate_offset[2]:  576, xstate_sizes[2]:  256
[    0.000000] x86/fpu: Enabled xstate features 0x7, context size is 832 bytes, using 'standard' format.
[    0.000000] e820: BIOS-provided physical RAM map:
[    0.000000] BIOS-e820: [mem 0x0000000000000000-0x000000000009fbff] usable
[    0.000000] BIOS-e820: [mem 0x000000000009fc00-0x000000000009ffff] reserved
[    0.000000] BIOS-e820: [mem 0x00000000000f0000-0x00000000000fffff] reserved
[    0.000000] BIOS-e820: [mem 0x0000000000100000-0x000000003ffeffff] usable
[    0.000000] BIOS-e820: [mem 0x000000003fff0000-0x000000003fffffff] ACPI data
[    0.000000] BIOS-e820: [mem 0x00000000fec00000-0x00000000fec00fff] reserved
[    0.000000] BIOS-e820: [mem 0x00000000fee00000-0x00000000fee00fff] reserved
[    0.000000] BIOS-e820: [mem 0x00000000fffc0000-0x00000000ffffffff] reserved
[    0.000000] NX (Execute Disable) protection: active
[    0.000000] SMBIOS 2.5 present.
[    0.000000] DMI: innotek GmbH VirtualBox/VirtualBox, BIOS VirtualBox 12/01/2006
[    0.000000] Hypervisor detected: KVM
[    0.000000] e820: last_pfn = 0x3fff0 max_arch_pfn = 0x400000000
[    0.000000] MTRR: Disabled
[    0.000000] x86/PAT: MTRRs disabled, skipping PAT initialization too.
[    0.000000] CPU MTRRs all blank - virtualized system.
[    0.000000] x86/PAT: Configuration [0-7]: WB  WT  UC- UC  WB  WT  UC- UC  
[    0.000000] found SMP MP-table at [mem 0x0009fff0-0x0009ffff]
[    0.000000] Scanning 1 areas for low memory corruption
[    0.000000] RAMDISK: [mem 0x359cf000-0x36cdefff]
[    0.000000] ACPI: Early table checksum verification disabled
[    0.000000] ACPI: RSDP 0x00000000000E0000 000024 (v02 VBOX  )
[    0.000000] ACPI: XSDT 0x000000003FFF0030 00003C (v01 VBOX   VBOXXSDT 00000001 ASL  00000061)
[    0.000000] ACPI: FACP 0x000000003FFF00F0 0000F4 (v04 VBOX   VBOXFACP 00000001 ASL  00000061)
[    0.000000] ACPI: DSDT 0x000000003FFF0470 002325 (v02 VBOX   VBOXBIOS 00000002 INTL 20190509)
[    0.000000] ACPI: FACS 0x000000003FFF0200 000040
[    0.000000] ACPI: FACS 0x000000003FFF0200 000040
[    0.000000] ACPI: APIC 0x000000003FFF0240 00005C (v02 VBOX   VBOXAPIC 00000001 ASL  00000061)
[    0.000000] ACPI: SSDT 0x000000003FFF02A0 0001CC (v01 VBOX   VBOXCPUT 00000002 INTL 20190509)
[    0.000000] ACPI: Reserving FACP table memory at [mem 0x3fff00f0-0x3fff01e3]
[    0.000000] ACPI: Reserving DSDT table memory at [mem 0x3fff0470-0x3fff2794]
[    0.000000] ACPI: Reserving FACS table memory at [mem 0x3fff0200-0x3fff023f]
[    0.000000] ACPI: Reserving FACS table memory at [mem 0x3fff0200-0x3fff023f]
[    0.000000] ACPI: Reserving APIC table memory at [mem 0x3fff0240-0x3fff029b]
[    0.000000] ACPI: Reserving SSDT table memory at [mem 0x3fff02a0-0x3fff046b]
[    0.000000] No NUMA configuration found
[    0.000000] Faking a node at [mem 0x0000000000000000-0x000000003ffeffff]
[    0.000000] NODE_DATA(0) allocated [mem 0x3ffc5000-0x3ffeffff]
[    0.000000] kvm-clock: cpu 0, msr 0:3ff44001, primary cpu clock
[    0.000000] kvm-clock: Using msrs 4b564d01 and 4b564d00
[    0.000000] kvm-clock: using sched offset of 4047151193 cycles
[    0.000000] clocksource: kvm-clock: mask: 0xffffffffffffffff max_cycles: 0x1cd42e4dffb, max_idle_ns: 881590591483 ns
[    0.000000] Zone ranges:
[    0.000000]   DMA      [mem 0x0000000000001000-0x0000000000ffffff]
[    0.000000]   DMA32    [mem 0x0000000001000000-0x000000003ffeffff]
[    0.000000]   Normal   empty
[    0.000000]   Device   empty
[    0.000000] Movable zone start for each node
[    0.000000] Early memory node ranges
[    0.000000]   node   0: [mem 0x0000000000001000-0x000000000009efff]
[    0.000000]   node   0: [mem 0x0000000000100000-0x000000003ffeffff]
[    0.000000] Reserved but unavailable: 104 pages
[    0.000000] Initmem setup node 0 [mem 0x0000000000001000-0x000000003ffeffff]
[    0.000000] ACPI: PM-Timer IO Port: 0x4008
[    0.000000] IOAPIC[0]: apic_id 2, version 32, address 0xfec00000, GSI 0-23
[    0.000000] ACPI: INT_SRC_OVR (bus 0 bus_irq 0 global_irq 2 dfl dfl)
[    0.000000] ACPI: INT_SRC_OVR (bus 0 bus_irq 9 global_irq 9 low level)
[    0.000000] Using ACPI (MADT) for SMP configuration information
[    0.000000] smpboot: Allowing 2 CPUs, 0 hotplug CPUs
[    0.000000] PM: Registered nosave memory: [mem 0x00000000-0x00000fff]
[    0.000000] PM: Registered nosave memory: [mem 0x0009f000-0x0009ffff]
[    0.000000] PM: Registered nosave memory: [mem 0x000a0000-0x000effff]
[    0.000000] PM: Registered nosave memory: [mem 0x000f0000-0x000fffff]
[    0.000000] e820: [mem 0x40000000-0xfebfffff] available for PCI devices
[    0.000000] Booting paravirtualized kernel on KVM
[    0.000000] clocksource: refined-jiffies: mask: 0xffffffff max_cycles: 0xffffffff, max_idle_ns: 7645519600211568 ns
[    0.000000] random: get_random_bytes called from start_kernel+0x99/0x500 with crng_init=0
[    0.000000] setup_percpu: NR_CPUS:8192 nr_cpumask_bits:2 nr_cpu_ids:2 nr_node_ids:1
[    0.000000] percpu: Embedded 45 pages/cpu s147456 r8192 d28672 u1048576
[    0.000000] PV qspinlock hash table entries: 256 (order: 0, 4096 bytes)
[    0.000000] Built 1 zonelists, mobility grouping on.  Total pages: 257913
[    0.000000] Policy zone: DMA32
[    0.000000] Kernel command line: BOOT_IMAGE=/boot/vmlinuz-4.15.0-156-generic root=LABEL=cloudimg-rootfs ro console=tty1 console=ttyS0
[    0.000000] Memory: 982716K/1048120K available (12300K kernel code, 2483K rwdata, 4320K rodata, 2448K init, 2724K bss, 65404K reserved, 0K cma-reserved)
[    0.000000] SLUB: HWalign=64, Order=0-3, MinObjects=0, CPUs=2, Nodes=1
[    0.000000] Kernel/User page tables isolation: enabled
[    0.000000] ftrace: allocating 39466 entries in 155 pages
[    0.004000] Hierarchical RCU implementation.
[    0.004000] 	RCU restricting CPUs from NR_CPUS=8192 to nr_cpu_ids=2.
[    0.004000] 	Tasks RCU enabled.
[    0.004000] RCU: Adjusting geometry for rcu_fanout_leaf=16, nr_cpu_ids=2
[    0.004000] NR_IRQS: 524544, nr_irqs: 440, preallocated irqs: 16
[    0.004000] Console: colour VGA+ 80x25
[    0.004000] console [tty1] enabled
[    0.004000] console [ttyS0] enabled
[    0.004000] ACPI: Core revision 20170831
[    0.004000] ACPI: 2 ACPI AML tables successfully acquired and loaded
[    0.004000] APIC: Switch to symmetric I/O mode setup
[    0.004000] x2apic enabled
[    0.004000] Switched APIC routing to physical x2apic.
[    0.004000] ..TIMER: vector=0x30 apic1=0 pin1=2 apic2=-1 pin2=-1
[    0.004004] tsc: Detected 2400.020 MHz processor
[    0.004913] Calibrating delay loop (skipped) preset value.. 4800.04 BogoMIPS (lpj=9600080)
[    0.005592] pid_max: default: 32768 minimum: 301
[    0.008036] Security Framework initialized
[    0.008844] Yama: becoming mindful.
[    0.009577] AppArmor: AppArmor initialized
[    0.011216] Dentry cache hash table entries: 131072 (order: 8, 1048576 bytes)
[    0.012066] Inode-cache hash table entries: 65536 (order: 7, 524288 bytes)
[    0.013349] Mount-cache hash table entries: 2048 (order: 2, 16384 bytes)
[    0.015885] Mountpoint-cache hash table entries: 2048 (order: 2, 16384 bytes)
[    0.016323] Last level iTLB entries: 4KB 64, 2MB 8, 4MB 8
[    0.020002] Last level dTLB entries: 4KB 64, 2MB 0, 4MB 0, 1GB 4
[    0.021145] Spectre V1 : Mitigation: usercopy/swapgs barriers and __user pointer sanitization
[    0.022782] Spectre V2 : Mitigation: Full generic retpoline
[    0.024001] Spectre V2 : Spectre v2 / SpectreRSB mitigation: Filling RSB on context switch
[    0.025582] Speculative Store Bypass: Vulnerable
[    0.026525] SRBDS: Unknown: Dependent on hypervisor status
[    0.028002] MDS: Mitigation: Clear CPU buffers
[    0.029059] Freeing SMP alternatives memory: 36K
[    0.140410] smpboot: CPU0: Intel(R) Core(TM) i5-9300H CPU @ 2.40GHz (family: 0x6, model: 0x9e, stepping: 0xa)
[    0.142491] Performance Events: unsupported p6 CPU model 158 no PMU driver, software events only.
[    0.144000] Hierarchical SRCU implementation.
[    0.148610] NMI watchdog: Perf event create on CPU 0 failed with -2
[    0.149818] NMI watchdog: Perf NMI watchdog permanently disabled
[    0.151025] smp: Bringing up secondary CPUs ...
[    0.152050] x86: Booting SMP configuration:
[    0.152901] .... node  #0, CPUs:      #1
[    0.004000] kvm-clock: cpu 1, msr 0:3ff44041, secondary cpu clock
[    0.156023] smp: Brought up 1 node, 2 CPUs
[    0.156844] smpboot: Max logical packages: 1
[    0.157674] smpboot: Total of 2 processors activated (9600.08 BogoMIPS)
[    0.159017] devtmpfs: initialized
[    0.160067] x86/mm: Memory block size: 128MB
[    0.161091] evm: security.selinux
[    0.161782] evm: security.SMACK64
[    0.162462] evm: security.SMACK64EXEC
[    0.163187] evm: security.SMACK64TRANSMUTE
[    0.164004] evm: security.SMACK64MMAP
[    0.164738] evm: security.apparmor
[    0.165427] evm: security.ima
[    0.166040] evm: security.capability
[    0.166790] clocksource: jiffies: mask: 0xffffffff max_cycles: 0xffffffff, max_idle_ns: 7645041785100000 ns
[    0.168010] futex hash table entries: 512 (order: 3, 32768 bytes)
[    0.169205] pinctrl core: initialized pinctrl subsystem
[    0.172093] RTC time: 18:36:13, date: 09/12/21
[    0.173145] NET: Registered protocol family 16
[    0.174096] audit: initializing netlink subsys (disabled)
[    0.175153] audit: type=2000 audit(1631471778.780:1): state=initialized audit_enabled=0 res=1
[    0.176015] cpuidle: using governor ladder
[    0.176843] cpuidle: using governor menu
[    0.177662] ACPI: bus type PCI registered
[    0.178453] acpiphp: ACPI Hot Plug PCI Controller Driver version: 0.5
[    0.180106] PCI: Using configuration type 1 for base access
[    0.181194] HugeTLB registered 2.00 MiB page size, pre-allocated 0 pages
[    0.184067] ACPI: Added _OSI(Module Device)
[    0.184904] ACPI: Added _OSI(Processor Device)
[    0.185780] ACPI: Added _OSI(3.0 _SCP Extensions)
[    0.186658] ACPI: Added _OSI(Processor Aggregator Device)
[    0.188004] ACPI: Added _OSI(Linux-Dell-Video)
[    0.188855] ACPI: Added _OSI(Linux-Lenovo-NV-HDMI-Audio)
[    0.189858] ACPI: Added _OSI(Linux-HPI-Hybrid-Graphics)
[    0.192130] ACPI: Executed 1 blocks of module-level executable AML code
[    0.197425] ACPI: Interpreter enabled
[    0.198181] ACPI: (supports S0 S5)
[    0.198881] ACPI: Using IOAPIC for interrupt routing
[    0.200058] PCI: Using host bridge windows from ACPI; if necessary, use "pci=nocrs" and report a bug
[    0.201944] ACPI: Enabled 2 GPEs in block 00 to 07
[    0.211927] ACPI: PCI Root Bridge [PCI0] (domain 0000 [bus 00-ff])
[    0.212010] acpi PNP0A03:00: _OSC: OS supports [ASPM ClockPM Segments MSI]
[    0.213876] acpi PNP0A03:00: _OSC: not requesting OS control; OS requires [ExtendedConfig ASPM ClockPM MSI]
[    0.216014] acpi PNP0A03:00: fail to add MMCONFIG information, can't access extended PCI configuration space under this bridge.
[    0.220033] PCI host bridge to bus 0000:00
[    0.220838] pci_bus 0000:00: root bus resource [io  0x0000-0x0cf7 window]
[    0.222452] pci_bus 0000:00: root bus resource [io  0x0d00-0xffff window]
[    0.223695] pci_bus 0000:00: root bus resource [mem 0x000a0000-0x000bffff window]
[    0.224005] pci_bus 0000:00: root bus resource [mem 0x40000000-0xfdffffff window]
[    0.225423] pci_bus 0000:00: root bus resource [bus 00-ff]
[    0.230011] pci 0000:00:01.1: legacy IDE quirk: reg 0x10: [io  0x01f0-0x01f7]
[    0.231327] pci 0000:00:01.1: legacy IDE quirk: reg 0x14: [io  0x03f6]
[    0.232003] pci 0000:00:01.1: legacy IDE quirk: reg 0x18: [io  0x0170-0x0177]
[    0.233303] pci 0000:00:01.1: legacy IDE quirk: reg 0x1c: [io  0x0376]
[    0.249630] pci 0000:00:07.0: quirk: [io  0x4000-0x403f] claimed by PIIX4 ACPI
[    0.251150] pci 0000:00:07.0: quirk: [io  0x4100-0x410f] claimed by PIIX4 SMB
[    0.260179] ACPI: PCI Interrupt Link [LNKA] (IRQs 5 9 10 *11)
[    0.262059] ACPI: PCI Interrupt Link [LNKB] (IRQs 5 9 *10 11)
[    0.263593] ACPI: PCI Interrupt Link [LNKC] (IRQs 5 *9 10 11)
[    0.264175] ACPI: PCI Interrupt Link [LNKD] (IRQs 5 9 10 *11)
[    0.266064] SCSI subsystem initialized
[    0.268030] pci 0000:00:02.0: vgaarb: setting as boot VGA device
[    0.269465] pci 0000:00:02.0: vgaarb: VGA device added: decodes=io+mem,owns=io+mem,locks=none
[    0.271448] pci 0000:00:02.0: vgaarb: bridge control possible
[    0.272000] vgaarb: loaded
[    0.272046] ACPI: bus type USB registered
[    0.276035] usbcore: registered new interface driver usbfs
[    0.277388] usbcore: registered new interface driver hub
[    0.278688] usbcore: registered new device driver usb
[    0.280074] EDAC MC: Ver: 3.0.0
[    0.281112] PCI: Using ACPI for IRQ routing
[    0.281439] NetLabel: Initializing
[    0.284004] NetLabel:  domain hash size = 128
[    0.285112] NetLabel:  protocols = UNLABELED CIPSOv4 CALIPSO
[    0.286479] NetLabel:  unlabeled traffic allowed by default
[    0.288103] clocksource: Switched to clocksource kvm-clock
[    0.303692] VFS: Disk quotas dquot_6.6.0
[    0.304730] VFS: Dquot-cache hash table entries: 512 (order 0, 4096 bytes)
[    0.306129] AppArmor: AppArmor Filesystem Enabled
[    0.307107] pnp: PnP ACPI init
[    0.308904] pnp: PnP ACPI: found 3 devices
[    0.318154] clocksource: acpi_pm: mask: 0xffffff max_cycles: 0xffffff, max_idle_ns: 2085701024 ns
[    0.319902] NET: Registered protocol family 2
[    0.320821] IP idents hash table entries: 16384 (order: 5, 131072 bytes)
[    0.323038] TCP established hash table entries: 8192 (order: 4, 65536 bytes)
[    0.324400] TCP bind hash table entries: 8192 (order: 5, 131072 bytes)
[    0.325621] TCP: Hash tables configured (established 8192 bind 8192)
[    0.326845] UDP hash table entries: 512 (order: 2, 16384 bytes)
[    0.327944] UDP-Lite hash table entries: 512 (order: 2, 16384 bytes)
[    0.329168] NET: Registered protocol family 1
[    0.330022] pci 0000:00:00.0: Limiting direct PCI/PCI transfers
[    0.331162] pci 0000:00:01.0: Activating ISA DMA hang workarounds
[    0.332359] pci 0000:00:02.0: Video device with shadowed ROM at [mem 0x000c0000-0x000dffff]
[    0.334009] Unpacking initramfs...
[    0.679115] Freeing initrd memory: 19520K
[    0.680056] clocksource: tsc: mask: 0xffffffffffffffff max_cycles: 0x22984a75d98, max_idle_ns: 440795237870 ns
[    0.681972] platform rtc_cmos: registered platform RTC device (no PNP device found)
[    0.683444] Scanning for low memory corruption every 60 seconds
[    0.685337] Initialise system trusted keyrings
[    0.686210] Key type blacklist registered
[    0.687134] workingset: timestamp_bits=36 max_order=18 bucket_order=0
[    0.691149] zbud: loaded
[    0.692378] squashfs: version 4.0 (2009/01/31) Phillip Lougher
[    0.693658] fuse init (API version 7.26)
[    0.696246] Key type asymmetric registered
[    0.697060] Asymmetric key parser 'x509' registered
[    0.698013] Block layer SCSI generic (bsg) driver version 0.4 loaded (major 246)
[    0.699498] io scheduler noop registered
[    0.700300] io scheduler deadline registered
[    0.701142] io scheduler cfq registered (default)
[    0.702365] ACPI: AC Adapter [AC] (on-line)
[    0.703272] input: Power Button as /devices/LNXSYSTM:00/LNXPWRBN:00/input/input0
[    0.704799] ACPI: Power Button [PWRF]
[    0.705624] input: Sleep Button as /devices/LNXSYSTM:00/LNXSLPBN:00/input/input1
[    0.707036] ACPI: Sleep Button [SLPF]
[    0.708852] ACPI: Battery Slot [BAT0] (battery present)
[    0.710080] Serial: 8250/16550 driver, 32 ports, IRQ sharing enabled
[    0.732138] 00:02: ttyS0 at I/O 0x3f8 (irq = 4, base_baud = 115200) is a 16550A
[    0.736552] Linux agpgart interface v0.103
[    0.740248] loop: module loaded
[    0.741537] scsi host0: ata_piix
[    0.742436] scsi host1: ata_piix
[    0.743158] ata1: PATA max UDMA/33 cmd 0x1f0 ctl 0x3f6 bmdma 0xd000 irq 14
[    0.744613] ata2: PATA max UDMA/33 cmd 0x170 ctl 0x376 bmdma 0xd008 irq 15
[    0.746033] libphy: Fixed MDIO Bus: probed
[    0.746871] tun: Universal TUN/TAP device driver, 1.6
[    0.748252] PPP generic driver version 2.4.2
[    0.749467] ehci_hcd: USB 2.0 'Enhanced' Host Controller (EHCI) Driver
[    0.751036] ehci-pci: EHCI PCI platform driver
[    0.752190] ehci-platform: EHCI generic platform driver
[    0.753470] ohci_hcd: USB 1.1 'Open' Host Controller (OHCI) Driver
[    0.754963] ohci-pci: OHCI PCI platform driver
[    0.756064] ohci-platform: OHCI generic platform driver
[    0.757375] uhci_hcd: USB Universal Host Controller Interface driver
[    0.758966] i8042: PNP: PS/2 Controller [PNP0303:PS2K,PNP0f03:PS2M] at 0x60,0x64 irq 1,12
[    0.761486] serio: i8042 KBD port at 0x60,0x64 irq 1
[    0.762739] serio: i8042 AUX port at 0x60,0x64 irq 12
[    0.764187] mousedev: PS/2 mouse device common for all mice
[    0.766227] input: AT Translated Set 2 keyboard as /devices/platform/i8042/serio0/input/input2
[    0.768073] rtc_cmos rtc_cmos: rtc core: registered rtc_cmos as rtc0
[    0.769669] rtc_cmos rtc_cmos: alarms up to one day, 114 bytes nvram
[    0.770896] i2c /dev entries driver
[    0.771682] device-mapper: uevent: version 1.0.3
[    0.772735] device-mapper: ioctl: 4.37.0-ioctl (2017-09-20) initialised: dm-devel@redhat.com
[    0.774445] ledtrig-cpu: registered to indicate activity on CPUs
[    0.776081] NET: Registered protocol family 10
[    0.781914] Segment Routing with IPv6
[    0.783041] NET: Registered protocol family 17
[    0.786393] Key type dns_resolver registered
[    0.788201] mce: Using 0 MCE banks
[    0.789300] RAS: Correctable Errors collector initialized.
[    0.795243] sched_clock: Marking stable (795182170, 0)->(983469746, -188287576)
[    0.797777] registered taskstats version 1
[    0.798957] Loading compiled-in X.509 certificates
[    0.804122] Loaded X.509 cert 'Build time autogenerated kernel key: b39ba71f7e5bf175906d0a602aa7bdc709562f9b'
[    0.807448] Loaded X.509 cert 'Canonical Ltd. Live Patch Signing: 14df34d1a87cf37625abec039ef2bf521249b969'
[    0.810587] Loaded X.509 cert 'Canonical Ltd. Kernel Module Signing: 88f752e560a1e0737e31163a466ad7b70a850c19'
[    0.813107] zswap: loaded using pool lzo/zbud
[    0.818354] Key type big_key registered
[    0.819370] Key type trusted registered
[    0.822572] Key type encrypted registered
[    0.823491] AppArmor: AppArmor sha1 policy hashing enabled
[    0.824608] ima: No TPM chip found, activating TPM-bypass! (rc=-19)
[    0.826130] ima: Allocated hash algorithm: sha1
[    0.827279] evm: HMAC attrs: 0x1
[    0.828414]   Magic number: 5:411:645
[    0.829456] rtc_cmos rtc_cmos: setting system clock to 2021-09-12 18:36:14 UTC (1631471774)
[    0.831391] BIOS EDD facility v0.16 2004-Jun-25, 0 devices found
[    0.834198] EDD information not available.
[    0.936821] Freeing unused kernel image memory: 2448K
[    0.948236] Write protecting the kernel read-only data: 20480k
[    0.950489] Freeing unused kernel image memory: 2008K
[    0.952169] Freeing unused kernel image memory: 1824K
[    0.962870] x86/mm: Checked W+X mappings: passed, no W+X pages found.
[    0.964188] x86/mm: Checking user space page tables
[    0.973105] x86/mm: Checked W+X mappings: passed, no W+X pages found.
Loading, please wait...
starting version 237
[    1.047077] e1000: Intel(R) PRO/1000 Network Driver - version 7.3.21-k8-NAPI
[    1.048529] e1000: Copyright (c) 1999-2006 Intel Corporation.
[    1.053813] Fusion MPT base driver 3.04.20
[    1.054675] Copyright (c) 1999-2008 LSI Corporation
[    1.062094] Fusion MPT SPI Host driver 3.04.20
[    1.067174] AVX2 version of gcm_enc/dec engaged.
[    1.068107] AES CTR mode by8 optimization enabled
[    1.293607] input: ImExPS/2 Generic Explorer Mouse as /devices/platform/i8042/serio1/input/input4
[    1.439280] e1000 0000:00:03.0 eth0: (PCI:33MHz:32-bit) 02:82:2a:96:15:3b
[    1.441917] e1000 0000:00:03.0 eth0: Intel(R) PRO/1000 Network Connection
[    1.446345] mptbase: ioc0: Initiating bringup
[    1.448071] e1000 0000:00:03.0 enp0s3: renamed from eth0
[    1.544795] ioc0: LSI53C1030 A0: Capabilities={Initiator}
[    1.794070] scsi host2: ioc0: LSI53C1030 A0, FwRev=00000000h, Ports=1, MaxQ=256, IRQ=20
[    1.966191] scsi 2:0:0:0: Direct-Access     VBOX     HARDDISK         1.0  PQ: 0 ANSI: 5
[    2.812314] scsi target2:0:0: Beginning Domain Validation
[    2.818105] scsi target2:0:0: Domain Validation skipping write tests
[    2.821312] scsi target2:0:0: Ending Domain Validation
[    2.823827] scsi target2:0:0: asynchronous
[    2.826948] scsi 2:0:1:0: Direct-Access     VBOX     HARDDISK         1.0  PQ: 0 ANSI: 5
[    4.155308] scsi target2:0:1: Beginning Domain Validation
[    4.160354] random: fast init done
[    4.162754] scsi target2:0:1: Domain Validation skipping write tests
[    4.166010] scsi target2:0:1: Ending Domain Validation
[    4.168623] scsi target2:0:1: asynchronous
[    4.179383] random: systemd-udevd: uninitialized urandom read (16 bytes read)
[    4.183948] random: systemd-udevd: uninitialized urandom read (16 bytes read)
[    4.189119] random: systemd-udevd: uninitialized urandom read (16 bytes read)
[    4.192918] sd 2:0:0:0: Attached scsi generic sg0 type 0
[    4.197084] sd 2:0:0:0: [sda] 83886080 512-byte logical blocks: (42.9 GB/40.0 GiB)
[    4.197152] sd 2:0:1:0: Attached scsi generic sg1 type 0
[    4.201188] sd 2:0:0:0: [sda] Write Protect is off
[    4.201310] sd 2:0:1:0: [sdb] 20480 512-byte logical blocks: (10.5 MB/10.0 MiB)
[    4.202532] sd 2:0:1:0: [sdb] Write Protect is off
[    4.205529] sd 2:0:0:0: [sda] Incomplete mode parameter data
[    4.206714] sd 2:0:0:0: [sda] Assuming drive cache: write through
[    4.208189] sd 2:0:1:0: [sdb] Incomplete mode parameter data
[    4.209279] sd 2:0:1:0: [sdb] Assuming drive cache: write through
[    4.211355]  sda: sda1
[    4.212750] sd 2:0:0:0: [sda] Attached SCSI disk
[    4.322868] sd 2:0:1:0: [sdb] Attached SCSI disk
Begin: Loading essential drivers ... [    5.904028] raid6: sse2x1   gen()  8374 MB/s
[    5.952031] raid6: sse2x1   xor()  6038 MB/s
[    6.000039] raid6: sse2x2   gen() 10339 MB/s
[    6.048037] raid6: sse2x2   xor()  6869 MB/s
[    6.096030] raid6: sse2x4   gen() 11837 MB/s
[    6.144035] raid6: sse2x4   xor()  7338 MB/s
[    6.192029] raid6: avx2x1   gen() 16673 MB/s
[    6.240028] raid6: avx2x1   xor() 11719 MB/s
[    6.288031] raid6: avx2x2   gen() 19683 MB/s
[    6.336028] raid6: avx2x2   xor() 12668 MB/s
[    6.384027] raid6: avx2x4   gen() 23201 MB/s
[    6.432032] raid6: avx2x4   xor() 14532 MB/s
[    6.432917] raid6: using algorithm avx2x4 gen() 23201 MB/s
[    6.434015] raid6: .... xor() 14532 MB/s, rmw enabled
[    6.435015] raid6: using avx2x2 recovery algorithm
[    6.437317] xor: automatically using best checksumming function   avx       
[    6.440038] async_tx: api initialized (async)
done.
Begin: Running /scripts/init-premount ... done.
Begin: Mounting root file system ... Begin: Running /scripts/local-top ... done.
Begin: Running /scripts/local-premount ... [    6.495676] Btrfs loaded, crc32c=crc32c-intel
Scanning for Btrfs filesystems
done.
Warning: fsck not present, so skipping root file system
[    6.633493] EXT4-fs (sda1): mounted filesystem with ordered data mode. Opts: (null)
done.
Begin: Running /scripts/local-bottom ... done.
Begin: Running /scripts/init-bottom ... done.
[    7.873301] ip_tables: (C) 2000-2006 Netfilter Core Team
[    7.996936] systemd[1]: systemd 237 running in system mode. (+PAM +AUDIT +SELINUX +IMA +APPARMOR +SMACK +SYSVINIT +UTMP +LIBCRYPTSETUP +GCRYPT +GNUTLS +ACL +XZ +LZ4 +SECCOMP +BLKID +ELFUTILS +KMOD -IDN2 +IDN -PCRE2 default-hierarchy=hybrid)
[    8.006088] systemd[1]: Detected virtualization oracle.
[    8.008439] systemd[1]: Detected architecture x86-64.

Welcome to [1mUbuntu 18.04.5 LTS[0m!

[    8.056184] systemd[1]: Set hostname to <ubuntu-bionic>.
[    8.190388] random: crng init done
[    8.191471] random: 7 urandom warning(s) missed due to ratelimiting
[   10.171730] systemd[1]: Created slice User and Session Slice.
[[0;32m  OK  [0m] Created slice User and Session Slice.
[   10.177110] systemd[1]: Reached target User and Group Name Lookups.
[[0;32m  OK  [0m] Reached target User and Group Name Lookups.
[   10.181406] systemd[1]: Started Forward Password Requests to Wall Directory Watch.
[[0;32m  OK  [0m] Started Forward Password Requests to Wall Directory Watch.
[   10.185656] systemd[1]: Reached target System Time Synchronized.
[[0;32m  OK  [0m] Reached target System Time Synchronized.
[   10.188386] systemd[1]: Reached target Swap.
[[0;32m  OK  [0m] Reached target Swap.
[   10.190646] systemd[1]: Set up automount Arbitrary Executable File Formats File System Automount Point.
[[0;32m  OK  [0m] Set up automount Arbitrary Executabâ€¦rmats File System Automount Point.
[[0;32m  OK  [0m] Created slice System Slice.
[[0;32m  OK  [0m] Listening on Syslog Socket.
[[0;32m  OK  [0m] Listening on udev Kernel Socket.
[[0;32m  OK  [0m] Listening on Journal Socket (/dev/log).
[[0;32m  OK  [0m] Listening on LVM2 metadata daemon socket.
[[0;32m  OK  [0m] Listening on Device-mapper event daemon FIFOs.
[[0;32m  OK  [0m] Listening on Journal Audit Socket.
[[0;32m  OK  [0m] Listening on udev Control Socket.
[[0;32m  OK  [0m] Listening on LVM2 poll daemon socket.
[[0;32m  OK  [0m] Listening on fsck to fsckd communication Socket.
[[0;32m  OK  [0m] Listening on /dev/initctl Compatibility Named Pipe.
[[0;32m  OK  [0m] Listening on Journal Socket.
         Starting Create list of required stâ€¦ce nodes for the current kernel...
         Mounting Kernel Debug File System...
         Starting Set the console keyboard layout...
         Starting Monitoring of LVM2 mirrorsâ€¦ng dmeventd or progress polling...
         Starting Load Kernel Modules...
         Starting udev Coldplug all Devices...
         Mounting Huge Pages File System...
         Starting File System Check on Root Device...
         Starting Uncomplicated firewall...
[   10.624368] Loading iSCSI transport class v2.0-870.
         Mounting POSIX Message Queue File System...
[[0;32m  OK  [0m] Reached target Slices.
[[0;32m  OK  [0m] Listening on Network Service Netlink Socket.
         Starting Journal Service...
[[0;32m  OK  [0m] Created slice system-serial\x2dgetty.slice.
[[0;32m  OK  [0m] Started Create list of required staâ€¦vice nodes for the current kernel.
[[0;32m  OK  [0m] Mounted Kernel Debug File System.
[[0;32m  OK  [0m] Mounted Huge Pages File System.
[[0;32m  OK  [0m] Mounted POSIX Message Queue File System.
[[0;32m  OK  [0m] Started File System Check Daemon to report status.
         Starting Create Static Device Nodes in /dev...
[[0;32m  OK  [0m] Started udev Coldplug all Devices.
[   10.759803] iscsi: registered transport (tcp)
[[0;32m  OK  [0m] Started Journal Service.
[[0;32m  OK  [0m] Started Uncomplicated firewall.
[   11.031163] iscsi: registered transport (iser)
[[0;32m  OK  [0m] Started Load Kernel Modules.
         Mounting Kernel Configuration File System...
         Mounting FUSE Control File System...
         Starting Apply Kernel Variables...
[[0;32m  OK  [0m] Mounted FUSE Control File System.
[[0;32m  OK  [0m] Mounted Kernel Configuration File System.
[[0;32m  OK  [0m] Started Set the console keyboard layout.
[[0;32m  OK  [0m] Started LVM2 metadata daemon.
[[0;32m  OK  [0m] Started Create Static Device Nodes in /dev.
[[0;32m  OK  [0m] Started File System Check on Root Device.
         Starting Remount Root and Kernel File Systems...
[[0;32m  OK  [0m] Started Apply Kernel Variables.
[[0;32m  OK  [0m] Started Remount Root and Kernel File Systems.
         Starting Flush Journal to Persistent Storage...
         Starting udev Kernel Device Manager...
         Starting Load/Save Random Seed...
[[0;32m  OK  [0m] Started Monitoring of LVM2 mirrors,â€¦sing dmeventd or progress polling.
[[0;32m  OK  [0m] Reached target Local File Systems (Pre).
[[0;32m  OK  [0m] Reached target Local File Systems.
         Starting ebtables ruleset management...
         Starting Tell Plymouth To Write Out Runtime Data...
         Starting AppArmor initialization...
         Starting Set console font and keymap...
[[0;32m  OK  [0m] Started Tell Plymouth To Write Out Runtime Data.
[[0;32m  OK  [0m] Started Set console font and keymap.
[[0;32m  OK  [0m] Started Load/Save Random Seed.
[[0;32m  OK  [0m] Started udev Kernel Device Manager.
[[0;32m  OK  [0m] Started Dispatch Password Requests to Console Directory Watch.
[[0;32m  OK  [0m] Reached target Local Encrypted Volumes.
[[0;32m  OK  [0m] Started Flush Journal to Persistent Storage.
         Starting Create Volatile Files and Directories...
[[0;32m  OK  [0m] Started ebtables ruleset management.
[[0;32m  OK  [0m] Found device /dev/ttyS0.
[[0;32m  OK  [0m] Started Create Volatile Files and Directories.
         Starting Update UTMP about System Boot/Shutdown...
[[0;32m  OK  [0m] Listening on Load/Save RF Kill Switch Status /dev/rfkill Watch.
[[0;32m  OK  [0m] Started Update UTMP about System Boot/Shutdown.
[[0;32m  OK  [0m] Started AppArmor initialization.
         Starting Initial cloud-init job (pre-networking)...
         Starting Load AppArmor profiles managed internally by snapd...
[[0;32m  OK  [0m] Started Load AppArmor profiles managed internally by snapd.
[   18.467110] cloud-init[564]: Cloud-init v. 21.2-3-g899bfaa9-0ubuntu2~18.04.1 running 'init-local' at Sun, 12 Sep 2021 18:36:31 +0000. Up 17.91 seconds.
[[0;32m  OK  [0m] Started Initial cloud-init job (pre-networking).
[[0;32m  OK  [0m] Reached target Network (Pre).
         Starting Network Service...
[[0;32m  OK  [0m] Started Network Service.
         Starting Network Name Resolution...
         Starting Wait for Network to be Configured...
[[0;32m  OK  [0m] Started Network Name Resolution.
[[0;32m  OK  [0m] Reached target Network.
[[0;32m  OK  [0m] Reached target Host and Network Name Lookups.
[[0;32m  OK  [0m] Started Wait for Network to be Configured.
         Starting Initial cloud-init job (metadata service crawler)...
[   20.525900] cloud-init[685]: Cloud-init v. 21.2-3-g899bfaa9-0ubuntu2~18.04.1 running 'init' at Sun, 12 Sep 2021 18:36:34 +0000. Up 20.34 seconds.
[   20.528029] cloud-init[685]: ci-info: ++++++++++++++++++++++++++++++++++++++Net device info++++++++++++++++++++++++++++++++++++++
[   20.530215] cloud-init[685]: ci-info: +--------+------+----------------------------+---------------+--------+-------------------+
[   20.532361] cloud-init[685]: ci-info: | Device |  Up  |          Address           |      Mask     | Scope  |     Hw-Address    |
[   20.534426] cloud-init[685]: ci-info: +--------+------+----------------------------+---------------+--------+-------------------+
[   20.536620] cloud-init[685]: ci-info: | enp0s3 | True |         10.0.2.15          | 255.255.255.0 | global | 02:82:2a:96:15:3b |
[   20.538796] cloud-init[685]: ci-info: | enp0s3 | True | fe80::82:2aff:fe96:153b/64 |       .       |  link  | 02:82:2a:96:15:3b |
[   20.540952] cloud-init[685]: ci-info: |   lo   | True |         127.0.0.1          |   255.0.0.0   |  host  |         .         |
[   20.543125] cloud-init[685]: ci-info: |   lo   | True |          ::1/128           |       .       |  host  |         .         |
[   20.545230] cloud-init[685]: ci-info: +--------+------+----------------------------+---------------+--------+-------------------+
[   20.547372] cloud-init[685]: ci-info: ++++++++++++++++++++++++++++Route IPv4 info+++++++++++++++++++++++++++++
[   20.549223] cloud-init[685]: ci-info: +-------+-------------+----------+-----------------+-----------+-------+
[   20.551023] cloud-init[685]: ci-info: | Route | Destination | Gateway  |     Genmask     | Interface | Flags |
[   20.552851] cloud-init[685]: ci-info: +-------+-------------+----------+-----------------+-----------+-------+
[   20.554667] cloud-init[685]: ci-info: |   0   |   0.0.0.0   | 10.0.2.2 |     0.0.0.0     |   enp0s3  |   UG  |
[   20.556539] cloud-init[685]: ci-info: |   1   |   10.0.2.0  | 0.0.0.0  |  255.255.255.0  |   enp0s3  |   U   |
[   20.558339] cloud-init[685]: ci-info: |   2   |   10.0.2.2  | 0.0.0.0  | 255.255.255.255 |   enp0s3  |   UH  |
[   20.560170] cloud-init[685]: ci-info: +-------+-------------+----------+-----------------+-----------+-------+
[   20.561996] cloud-init[685]: ci-info: +++++++++++++++++++Route IPv6 info+++++++++++++++++++
[   20.563506] cloud-init[685]: ci-info: +-------+-------------+---------+-----------+-------+
[   20.565038] cloud-init[685]: ci-info: | Route | Destination | Gateway | Interface | Flags |
[   20.566574] cloud-init[685]: ci-info: +-------+-------------+---------+-----------+-------+
[   20.568081] cloud-init[685]: ci-info: |   1   |  fe80::/64  |    ::   |   enp0s3  |   U   |
[   20.569636] cloud-init[685]: ci-info: |   3   |    local    |    ::   |   enp0s3  |   U   |
[   20.571143] cloud-init[685]: ci-info: |   4   |   ff00::/8  |    ::   |   enp0s3  |   U   |
[   20.572682] cloud-init[685]: ci-info: +-------+-------------+---------+-----------+-------+
[[0;32m  OK  [0m] Started Initial cloud-init job (metadata service crawler).
[[0;32m  OK  [0m] Reached target Cloud-config availability.
[[0;32m  OK  [0m] Reached target System Initialization.
[[0;32m  OK  [0m] Listening on ACPID Listen Socket.
[[0;32m  OK  [0m] Started Daily Cleanup of Temporary Directories.
         Starting Socket activation for snappy daemon.
[[0;32m  OK  [0m] Started Daily apt download activities.
[[0;32m  OK  [0m] Started ACPI Events Check.
[[0;32m  OK  [0m] Started Discard unused blocks once a week.
[[0;32m  OK  [0m] Listening on UUID daemon activation socket.
[[0;32m  OK  [0m] Listening on Open-iSCSI iscsid Socket.
[[0;32m  OK  [0m] Started Message of the Day.
         Starting LXD - unix socket.
[[0;32m  OK  [0m] Reached target Paths.
[[0;32m  OK  [0m] Listening on D-Bus System Message Bus Socket.
[[0;32m  OK  [0m] Started Ubuntu Advantage update messaging.
[[0;32m  OK  [0m] Started Daily apt upgrade and clean activities.
[[0;32m  OK  [0m] Reached target Timers.
[[0;32m  OK  [0m] Reached target Network is Online.
         Starting Availability of block devices...
[[0;32m  OK  [0m] Reached target Remote File Systems (Pre).
[[0;32m  OK  [0m] Reached target Remote File Systems.
[[0;32m  OK  [0m] Listening on Socket activation for snappy daemon.
[[0;32m  OK  [0m] Listening on LXD - unix socket.
[[0;32m  OK  [0m] Reached target Sockets.
[[0;32m  OK  [0m] Reached target Basic System.
[[0;32m  OK  [0m] Started irqbalance daemon.
         Starting Virtualbox guest utils...
[[0;32m  OK  [0m] Started FUSE filesystem for LXC.
[[0;32m  OK  [0m] Started D-Bus System Message Bus.
[[0;32m  OK  [0m] Started Regular background program processing daemon.
         Starting Permit User Sessions...
         Starting Ubuntu Advantage APT and MOTD Messages...
         Starting System Logging Service...
         Starting LSB: Record successful boot for GRUB...
         Starting OpenBSD Secure Shell server...
[[0;32m  OK  [0m] Started Deferred execution scheduler.
         Starting LXD - container startup/shutdown...
         Starting Login Service...
         Starting LSB: automatic crash report generation...
         Starting Dispatcher daemon for systemd-networkd...
         Starting Message of the Day...
         Starting Accounts Service...
         Starting Snap Daemon...
[[0;32m  OK  [0m] Started Availability of block devices.
[[0;32m  OK  [0m] Started Permit User Sessions.
         Starting Terminate Plymouth Boot Screen...
         Starting Hold until boot process finishes up...
[[0;32m  OK  [0m] Started Hold until boot process finishes up.
         Starting Set console scheme...
[[0;32m  OK  [0m] Started Serial Getty on ttyS0.
[[0;32m  OK  [0m] Started Terminate Plymouth Boot Screen.
[[0;32m  OK  [0m] Started Set console scheme.
[[0;32m  OK  [0m] Created slice system-getty.slice.
[[0;32m  OK  [0m] Started Getty on tty1.
[[0;32m  OK  [0m] Reached target Login Prompts.
[[0;32m  OK  [0m] Started Login Service.
[[0;32m  OK  [0m] Started Unattended Upgrades Shutdown.
[[0;32m  OK  [0m] Started System Logging Service.
[[0;32m  OK  [0m] Started LSB: automatic crash report generation.
[[0;32m  OK  [0m] Started LSB: Record successful boot for GRUB.
         Starting Authorization Manager...
[[0;32m  OK  [0m] Started Virtualbox guest utils.
[[0;32m  OK  [0m] Started OpenBSD Secure Shell server.
[[0;32m  OK  [0m] Started Authorization Manager.
[[0;32m  OK  [0m] Started Accounts Service.
[[0;32m  OK  [0m] Started Dispatcher daemon for systemd-networkd.
[[0;32m  OK  [0m] Started LXD - container startup/shutdown.
[[0;32m  OK  [0m] Started Message of the Day.
[[0;32m  OK  [0m] Started Snap Daemon.
         Starting Wait until snapd is fully seeded...
[[0;32m  OK  [0m] Started Wait until snapd is fully seeded.
[[0;32m  OK  [0m] Reached target Multi-User System.
[[0;32m  OK  [0m] Reached target Graphical Interface.
         Starting Update UTMP about System Runlevel Changes...
         Starting Apply the settings specified in cloud-config...
[[0;32m  OK  [0m] Started Update UTMP about System Runlevel Changes.
[   27.693889] cloud-init[1258]: Cloud-init v. 21.2-3-g899bfaa9-0ubuntu2~18.04.1 running 'modules:config' at Sun, 12 Sep 2021 18:36:41 +0000. Up 27.49 seconds.

Ubuntu 18.04.5 LTS ubuntu-bionic ttyS0

ubuntu-bionic login: [   28.574388] cloud-init[1340]: Cloud-init v. 21.2-3-g899bfaa9-0ubuntu2~18.04.1 running 'modules:final' at Sun, 12 Sep 2021 18:36:41 +0000. Up 28.18 seconds.
[   28.574608] cloud-init[1340]: Cloud-init v. 21.2-3-g899bfaa9-0ubuntu2~18.04.1 finished at Sun, 12 Sep 2021 18:36:42 +0000. Datasource DataSourceNoCloud [seed=/dev/sdb][dsmode=net].  Up 28.56 seconds
         Stopping Availability of block devices...
         Stopping Session 5 of user vagrant.
[[0;32m  OK  [0m] Stopped target Timers.
[[0;32m  OK  [0m] Stopped Message of the Day.
[[0;32m  OK  [0m] Closed Load/Save RF Kill Switch Status /dev/rfkill Watch.
[[0;32m  OK  [0m] Stopped target Cloud-init target.
[[0;32m  OK  [0m] Stopped target Graphical Interface.
         Stopping Accounts Service...
[[0;32m  OK  [0m] Stopped Daily Cleanup of Temporary Directories.
[[0;32m  OK  [0m] Stopped Daily apt upgrade and clean activities.
[[0;32m  OK  [0m] Stopped Daily apt download activities.
[[0;32m  OK  [0m] Stopped target Host and Network Name Lookups.
[[0;32m  OK  [0m] Stopped Discard unused blocks once a week.
[[0;32m  OK  [0m] Stopped Execute cloud user/final scripts.
[[0;32m  OK  [0m] Stopped Ubuntu Advantage update messaging.
[[0;32m  OK  [0m] Stopped target System Time Synchronized.
         Stopping Authorization Manager...
[[0;32m  OK  [0m] Stopped Apply the settings specified in cloud-config.
[[0;32m  OK  [0m] Stopped target Network is Online.
[[0;32m  OK  [0m] Stopped target Cloud-config availability.
         Stopping User Manager for UID 1000...
[[0;32m  OK  [0m] Stopped target Multi-User System.
         Stopping OpenBSD Secure Shell server...
         Stopping D-Bus System Message Bus...
         Stopping LXD - container startup/shutdown...
         Stopping FUSE filesystem for LXC...
         Stopping Dispatcher daemon for systemd-networkd...
         Stopping Unattended Upgrades Shutdown...
[[0;32m  OK  [0m] Stopped Wait until snapd is fully seeded.
         Stopping LSB: automatic crash report generation...
         Stopping Regular background program processing daemon...
         Stopping irqbalance daemon...
         Stopping Deferred execution scheduler...
         Stopping Virtualbox guest utils...
[[0;32m  OK  [0m] Stopped target Login Prompts.
         Stopping Getty on tty1...
         Stopping Serial Getty on ttyS0...
         Stopping LSB: Record successful boot for GRUB...
         Stopping System Logging Service...
[[0;32m  OK  [0m] Unmounted /var/lib/lxcfs.
[[0;32m  OK  [0m] Stopped irqbalance daemon.
[[0;32m  OK  [0m] Stopped Regular background program processing daemon.
[[0;32m  OK  [0m] Stopped Deferred execution scheduler.
[[0;32m  OK  [0m] Stopped Dispatcher daemon for systemd-networkd.
[[0;32m  OK  [0m] Stopped OpenBSD Secure Shell server.
[[0;32m  OK  [0m] Stopped Accounts Service.
[[0;32m  OK  [0m] Stopped D-Bus System Message Bus.
[[0;32m  OK  [0m] Stopped Serial Getty on ttyS0.
[[0;32m  OK  [0m] Stopped Getty on tty1.
[[0;32m  OK  [0m] Stopped Authorization Manager.
[[0;32m  OK  [0m] Stopped User Manager for UID 1000.
[[0;32m  OK  [0m] Stopped Session 5 of user vagrant.
[[0;32m  OK  [0m] Removed slice User Slice of vagrant.
[[0;32m  OK  [0m] Removed slice system-getty.slice.
         Stopping Permit User Sessions...
[[0;32m  OK  [0m] Removed slice system-serial\x2dgetty.slice.
[[0;32m  OK  [0m] Stopped Permit User Sessions.
[[0;32m  OK  [0m] Stopped LSB: Record successful boot for GRUB.
[[0;32m  OK  [0m] Stopped System Logging Service.
[[0;32m  OK  [0m] Unmounted /run/user/1000.
[[0;32m  OK  [0m] Stopped LXD - container startup/shutdown.
[[0;32m  OK  [0m] Stopped FUSE filesystem for LXC.
[[0;32m  OK  [0m] Stopped LSB: automatic crash report generation.
[[0;32m  OK  [0m] Stopped target Remote File Systems.
[[0;32m  OK  [0m] Stopped target Remote File Systems (Pre).
[[0;32m  OK  [0m] Stopped Unattended Upgrades Shutdown.
         Stopping Login Service...
[[0;32m  OK  [0m] Stopped target Network.
         Stopping Network Name Resolution...
[[0;32m  OK  [0m] Stopped Virtualbox guest utils.
[[0;32m  OK  [0m] Stopped Network Name Resolution.
[[0;32m  OK  [0m] Stopped Availability of block devices.
[[0;32m  OK  [0m] Stopped Login Service.
[[0;32m  OK  [0m] Stopped target User and Group Name Lookups.
[[0;32m  OK  [0m] Stopped target Basic System.
[[0;32m  OK  [0m] Stopped target Sockets.
[[0;32m  OK  [0m] Closed Socket activation for snappy daemon.
[[0;32m  OK  [0m] Closed UUID daemon activation socket.
[[0;32m  OK  [0m] Closed Syslog Socket.
[[0;32m  OK  [0m] Closed LXD - unix socket.
[[0;32m  OK  [0m] Closed ACPID Listen Socket.
[[0;32m  OK  [0m] Closed Open-iSCSI iscsid Socket.
[[0;32m  OK  [0m] Stopped target Paths.
[[0;32m  OK  [0m] Stopped ACPI Events Check.
[[0;32m  OK  [0m] Stopped target Slices.
[[0;32m  OK  [0m] Closed D-Bus System Message Bus Socket.
[[0;32m  OK  [0m] Stopped target System Initialization.
[[0;32m  OK  [0m] Stopped target Swap.
[[0;32m  OK  [0m] Stopped Initial cloud-init job (metadata service crawler).
[[0;32m  OK  [0m] Stopped Wait for Network to be Configured.
         Stopping Network Service...
         Stopping Load/Save Random Seed...
         Stopping Update UTMP about System Boot/Shutdown...
[[0;32m  OK  [0m] Stopped target Local Encrypted Volumes.
[[0;32m  OK  [0m] Stopped Forward Password Requests to Wall Directory Watch.
[[0;32m  OK  [0m] Stopped Dispatch Password Requests to Console Directory Watch.
[[0;32m  OK  [0m] Removed slice User and Session Slice.
[[0;32m  OK  [0m] Stopped Load/Save Random Seed.
[[0;32m  OK  [0m] Stopped Update UTMP about System Boot/Shutdown.
[[0;32m  OK  [0m] Stopped Create Volatile Files and Directories.
[[0;32m  OK  [0m] Stopped target Local File Systems.
         Unmounting /vagrant...
[[0;32m  OK  [0m] Stopped Network Service.
[[0;32m  OK  [0m] Stopped Apply Kernel Variables.
[[0;32m  OK  [0m] Stopped Load Kernel Modules.
[[0;32m  OK  [0m] Stopped target Network (Pre).
[[0;32m  OK  [0m] Stopped Initial cloud-init job (pre-networking).
[[0;32m  OK  [0m] Unmounted /vagrant.
[[0;32m  OK  [0m] Reached target Unmount All Filesystems.
[[0;32m  OK  [0m] Stopped target Local File Systems (Pre).
         Stopping Monitoring of LVM2 mirrorsâ€¦ng dmeventd or progress polling...
[[0;32m  OK  [0m] Stopped Remount Root and Kernel File Systems.
[[0;32m  OK  [0m] Stopped Create Static Device Nodes in /dev.
[[0;32m  OK  [0m] Reached target Shutdown.
[[0;32m  OK  [0m] Reached target Final Step.
         Starting Power-Off...
[ 2154.406575] reboot: Power down
